
                            < M A T L A B (R) >
                  Copyright 1984-2016 The MathWorks, Inc.
                   R2016b (9.1.0.441655) 64-bit (glnxa64)
                             September 7, 2016

#############################################################################
#              $$$ Enjoy the pure-MATLAB Toolbox <pop-lso> $$$              #
#                        --- version: 1.00.000.1 ---                        #
#############################################################################
funcDim - 1 : runtime - 1.02494e-01.
funcDim - 2 : runtime - 1.14230e-02.
funcDim - 3 : runtime - 1.03430e-02.
funcDim - 4 : runtime - 1.04280e-02.
funcDim - 5 : runtime - 4.68700e-03.
funcDim - 6 : runtime - 1.20300e-03.
funcDim - 7 : runtime - 1.02900e-03.
funcDim - 8 : runtime - 1.37900e-03.
funcDim - 9 : runtime - 9.97000e-04.
funcDim - 10 : runtime - 9.75000e-04.
funcDim - 11 : runtime - 9.90000e-04.
funcDim - 12 : runtime - 1.00400e-03.
funcDim - 13 : runtime - 1.01400e-03.
funcDim - 14 : runtime - 1.04700e-03.
funcDim - 15 : runtime - 1.08500e-03.
funcDim - 16 : runtime - 1.11300e-03.
funcDim - 17 : runtime - 1.16100e-03.
funcDim - 18 : runtime - 1.23500e-03.
funcDim - 19 : runtime - 1.41800e-03.
funcDim - 20 : runtime - 1.40000e-03.
funcDim - 21 : runtime - 1.43800e-03.
funcDim - 22 : runtime - 1.47600e-03.
funcDim - 23 : runtime - 1.58800e-03.
funcDim - 24 : runtime - 1.70100e-03.
funcDim - 25 : runtime - 1.78000e-03.
funcDim - 26 : runtime - 1.75800e-03.
funcDim - 27 : runtime - 1.82400e-03.
funcDim - 28 : runtime - 1.91100e-03.
funcDim - 29 : runtime - 2.04100e-03.
funcDim - 30 : runtime - 2.08700e-03.
funcDim - 31 : runtime - 2.16300e-03.
funcDim - 32 : runtime - 2.25000e-03.
funcDim - 33 : runtime - 2.34900e-03.
funcDim - 34 : runtime - 2.47300e-03.
funcDim - 35 : runtime - 2.52200e-03.
funcDim - 36 : runtime - 2.52700e-03.
funcDim - 37 : runtime - 2.66800e-03.
funcDim - 38 : runtime - 2.90300e-03.
funcDim - 39 : runtime - 3.02000e-03.
funcDim - 40 : runtime - 3.10800e-03.
funcDim - 41 : runtime - 3.21100e-03.
funcDim - 42 : runtime - 3.35200e-03.
funcDim - 43 : runtime - 3.45000e-03.
funcDim - 44 : runtime - 3.61100e-03.
funcDim - 45 : runtime - 3.67800e-03.
funcDim - 46 : runtime - 3.84400e-03.
funcDim - 47 : runtime - 3.97500e-03.
funcDim - 48 : runtime - 4.16400e-03.
funcDim - 49 : runtime - 4.33600e-03.
funcDim - 50 : runtime - 4.32200e-03.
funcDim - 51 : runtime - 4.33200e-03.
funcDim - 52 : runtime - 4.38800e-03.
funcDim - 53 : runtime - 4.61600e-03.
funcDim - 54 : runtime - 4.85100e-03.
funcDim - 55 : runtime - 4.83000e-03.
funcDim - 56 : runtime - 5.08300e-03.
funcDim - 57 : runtime - 5.26800e-03.
funcDim - 58 : runtime - 5.95800e-03.
funcDim - 59 : runtime - 5.75400e-03.
funcDim - 60 : runtime - 5.62900e-03.
funcDim - 61 : runtime - 5.89300e-03.
funcDim - 62 : runtime - 6.04700e-03.
funcDim - 63 : runtime - 6.39500e-03.
funcDim - 64 : runtime - 6.41700e-03.
funcDim - 65 : runtime - 6.70200e-03.
funcDim - 66 : runtime - 6.83700e-03.
funcDim - 67 : runtime - 6.93800e-03.
funcDim - 68 : runtime - 1.43230e-02.
funcDim - 69 : runtime - 1.40670e-02.
funcDim - 70 : runtime - 1.32800e-02.
funcDim - 71 : runtime - 1.26850e-02.
funcDim - 72 : runtime - 1.26510e-02.
funcDim - 73 : runtime - 1.20170e-02.
funcDim - 74 : runtime - 9.37600e-03.
funcDim - 75 : runtime - 9.34400e-03.
funcDim - 76 : runtime - 9.57700e-03.
funcDim - 77 : runtime - 9.91700e-03.
funcDim - 78 : runtime - 1.01470e-02.
funcDim - 79 : runtime - 1.04780e-02.
funcDim - 80 : runtime - 1.05660e-02.
funcDim - 81 : runtime - 1.16760e-02.
funcDim - 82 : runtime - 1.18290e-02.
funcDim - 83 : runtime - 1.13310e-02.
funcDim - 84 : runtime - 1.14520e-02.
funcDim - 85 : runtime - 1.19000e-02.
funcDim - 86 : runtime - 1.19920e-02.
funcDim - 87 : runtime - 1.23350e-02.
funcDim - 88 : runtime - 1.25570e-02.
funcDim - 89 : runtime - 1.32700e-02.
funcDim - 90 : runtime - 1.31850e-02.
funcDim - 91 : runtime - 1.34310e-02.
funcDim - 92 : runtime - 1.44910e-02.
funcDim - 93 : runtime - 1.41250e-02.
funcDim - 94 : runtime - 1.43420e-02.
funcDim - 95 : runtime - 1.48550e-02.
funcDim - 96 : runtime - 1.49260e-02.
funcDim - 97 : runtime - 1.50770e-02.
funcDim - 98 : runtime - 1.55830e-02.
funcDim - 99 : runtime - 1.64910e-02.
funcDim - 100 : runtime - 1.61700e-02.
funcDim - 1000 : runtime - 2.48757e+00.
funcDim - 10000 : runtime - 3.09207e+03.
$ - runtime - $: 3.09544e+03 seconds.
